This is XeTeX, Version 3.141592653-2.6-0.999995 (TeX Live 2023) (preloaded format=xelatex 2023.7.9)  1 JUN 2026 12:18
entering extended mode
 restricted \write18 enabled.
 %&-line parsing enabled.
**校赛/Sample.tex
(./校赛/Sample.tex
LaTeX2e <2023-06-01> patch level 1
L3 programming layer <2023-06-30>
(/usr/local/texlive/2023/texmf-dist/tex/latex/ctex/ctexart.cls
(/usr/local/texlive/2023/texmf-dist/tex/latex/ctex/config/ctexbackend.cfg
File: ctexbackend.cfg 2022/07/14 v2.5.10 Backend configuration file (CTEX)
)
(/usr/local/texlive/2023/texmf-dist/tex/latex/l3kernel/expl3.sty
Package: expl3 2023-06-30 L3 programming layer (loader) 

(/usr/local/texlive/2023/texmf-dist/tex/latex/l3backend/l3backend-xetex.def
File: l3backend-xetex.def 2023-04-19 L3 backend support: XeTeX
\g__graphics_track_int=\count181
\l__pdf_internal_box=\box51
\g__pdf_backend_object_int=\count182
\g__pdf_backend_annotation_int=\count183
\g__pdf_backend_link_int=\count184
))
Document Class: ctexart 2022/07/14 v2.5.10 Chinese adapter for class article (C
TEX)
(/usr/local/texlive/2023/texmf-dist/tex/latex/ctex/ctexhook.sty
Package: ctexhook 2022/07/14 v2.5.10 Document and package hooks (CTEX)
)
(/usr/local/texlive/2023/texmf-dist/tex/latex/ctex/ctexpatch.sty
Package: ctexpatch 2022/07/14 v2.5.10 Patching commands (CTEX)
)
(/usr/local/texlive/2023/texmf-dist/tex/latex/base/fix-cm.sty
Package: fix-cm 2020/11/24 v1.1t fixes to LaTeX

(/usr/local/texlive/2023/texmf-dist/tex/latex/base/ts1enc.def
File: ts1enc.def 2001/06/05 v3.0e (jk/car/fm) Standard LaTeX file
LaTeX Font Info:    Redeclaring font encoding TS1 on input line 47.
))
\l__ctex_tmp_int=\count185
\l__ctex_tmp_box=\box52
\l__ctex_tmp_dim=\dimen140
\g__ctex_section_depth_int=\count186
\g__ctex_font_size_int=\count187

(/usr/local/texlive/2023/texmf-dist/tex/latex/ctex/config/ctexopts.cfg
File: ctexopts.cfg 2022/07/14 v2.5.10 Option configuration file (CTEX)
)
(/usr/local/texlive/2023/texmf-dist/tex/latex/base/article.cls
Document Class: article 2023/05/17 v1.4n Standard LaTeX document class
(/usr/local/texlive/2023/texmf-dist/tex/latex/base/size10.clo
File: size10.clo 2023/05/17 v1.4n Standard LaTeX file (size option)
)
\c@part=\count188
\c@section=\count189
\c@subsection=\count190
\c@subsubsection=\count191
\c@paragraph=\count192
\c@subparagraph=\count193
\c@figure=\count194
\c@table=\count195
\abovecaptionskip=\skip48
\belowcaptionskip=\skip49
\bibindent=\dimen141
)
(/usr/local/texlive/2023/texmf-dist/tex/latex/ctex/engine/ctex-engine-xetex.def
File: ctex-engine-xetex.def 2022/07/14 v2.5.10 XeLaTeX adapter (CTEX)
(/usr/local/texlive/2023/texmf-dist/tex/xelatex/xecjk/xeCJK.sty
Package: xeCJK 2022/08/05 v3.9.1 Typesetting CJK scripts with XeLaTeX

(/usr/local/texlive/2023/texmf-dist/tex/latex/l3packages/xtemplate/xtemplate.st
y
Package: xtemplate 2023-02-02 L3 Experimental prototype document functions
\l__xtemplate_tmp_dim=\dimen142
\l__xtemplate_tmp_int=\count196
\l__xtemplate_tmp_muskip=\muskip16
\l__xtemplate_tmp_skip=\skip50
)
\l__xeCJK_tmp_int=\count197
\l__xeCJK_tmp_box=\box53
\l__xeCJK_tmp_dim=\dimen143
\l__xeCJK_tmp_skip=\skip51
\g__xeCJK_space_factor_int=\count198
\l__xeCJK_begin_int=\count199
\l__xeCJK_end_int=\count266
\c__xeCJK_CJK_class_int=\XeTeXcharclass1
\c__xeCJK_FullLeft_class_int=\XeTeXcharclass2
\c__xeCJK_FullRight_class_int=\XeTeXcharclass3
\c__xeCJK_HalfLeft_class_int=\XeTeXcharclass4
\c__xeCJK_HalfRight_class_int=\XeTeXcharclass5
\c__xeCJK_NormalSpace_class_int=\XeTeXcharclass6
\c__xeCJK_CM_class_int=\XeTeXcharclass7
\c__xeCJK_HangulJamo_class_int=\XeTeXcharclass8
\l__xeCJK_last_skip=\skip52
\c__xeCJK_none_node=\count267
\g__xeCJK_node_int=\count268
\c__xeCJK_CJK_node_dim=\dimen144
\c__xeCJK_CJK-space_node_dim=\dimen145
\c__xeCJK_default_node_dim=\dimen146
\c__xeCJK_CJK-widow_node_dim=\dimen147
\c__xeCJK_normalspace_node_dim=\dimen148
\c__xeCJK_default-space_node_skip=\skip53
\l__xeCJK_ccglue_skip=\skip54
\l__xeCJK_ecglue_skip=\skip55
\l__xeCJK_punct_kern_skip=\skip56
\l__xeCJK_indent_box=\box54
\l__xeCJK_last_penalty_int=\count269
\l__xeCJK_last_bound_dim=\dimen149
\l__xeCJK_last_kern_dim=\dimen150
\l__xeCJK_widow_penalty_int=\count270

Package xtemplate Info: Declaring object type 'xeCJK/punctuation' taking 0
(xtemplate)             argument(s) on line 2396.

\l__xeCJK_fixed_punct_width_dim=\dimen151
\l__xeCJK_mixed_punct_width_dim=\dimen152
\l__xeCJK_middle_punct_width_dim=\dimen153
\l__xeCJK_fixed_margin_width_dim=\dimen154
\l__xeCJK_mixed_margin_width_dim=\dimen155
\l__xeCJK_middle_margin_width_dim=\dimen156
\l__xeCJK_bound_punct_width_dim=\dimen157
\l__xeCJK_bound_margin_width_dim=\dimen158
\l__xeCJK_margin_minimum_dim=\dimen159
\l__xeCJK_kerning_total_width_dim=\dimen160
\l__xeCJK_same_align_margin_dim=\dimen161
\l__xeCJK_different_align_margin_dim=\dimen162
\l__xeCJK_kerning_margin_width_dim=\dimen163
\l__xeCJK_kerning_margin_minimum_dim=\dimen164
\l__xeCJK_bound_dim=\dimen165
\l__xeCJK_reverse_bound_dim=\dimen166
\l__xeCJK_margin_dim=\dimen167
\l__xeCJK_minimum_bound_dim=\dimen168
\l__xeCJK_kerning_margin_dim=\dimen169
\g__xeCJK_family_int=\count271
\l__xeCJK_fam_int=\count272
\g__xeCJK_fam_allocation_int=\count273
\l__xeCJK_verb_case_int=\count274
\l__xeCJK_verb_exspace_skip=\skip57
 (/usr/local/texlive/2023/texmf-dist/tex/latex/fontspec/fontspec.sty
(/usr/local/texlive/2023/texmf-dist/tex/latex/l3packages/xparse/xparse.sty
Package: xparse 2023-02-02 L3 Experimental document command parser
)
Package: fontspec 2022/01/15 v2.8a Font selection for XeLaTeX and LuaLaTeX

(/usr/local/texlive/2023/texmf-dist/tex/latex/fontspec/fontspec-xetex.sty
Package: fontspec-xetex 2022/01/15 v2.8a Font selection for XeLaTeX and LuaLaTe
X
\l__fontspec_script_int=\count275
\l__fontspec_language_int=\count276
\l__fontspec_strnum_int=\count277
\l__fontspec_tmp_int=\count278
\l__fontspec_tmpa_int=\count279
\l__fontspec_tmpb_int=\count280
\l__fontspec_tmpc_int=\count281
\l__fontspec_em_int=\count282
\l__fontspec_emdef_int=\count283
\l__fontspec_strong_int=\count284
\l__fontspec_strongdef_int=\count285
\l__fontspec_tmpa_dim=\dimen170
\l__fontspec_tmpb_dim=\dimen171
\l__fontspec_tmpc_dim=\dimen172

(/usr/local/texlive/2023/texmf-dist/tex/latex/base/fontenc.sty
Package: fontenc 2021/04/29 v2.0v Standard LaTeX package
)
(/usr/local/texlive/2023/texmf-dist/tex/latex/fontspec/fontspec.cfg)))
(/usr/local/texlive/2023/texmf-dist/tex/xelatex/xecjk/xeCJK.cfg
File: xeCJK.cfg 2022/08/05 v3.9.1 Configuration file for xeCJK package
))
\ccwd=\dimen173
\l__ctex_ccglue_skip=\skip58
)
\l__ctex_ziju_dim=\dimen174

(/usr/local/texlive/2023/texmf-dist/tex/latex/zhnumber/zhnumber.sty
Package: zhnumber 2022/07/14 v3.0 Typesetting numbers with Chinese glyphs
\l__zhnum_scale_int=\count286
\l__zhnum_tmp_int=\count287

(/usr/local/texlive/2023/texmf-dist/tex/latex/zhnumber/zhnumber-utf8.cfg
File: zhnumber-utf8.cfg 2022/07/14 v3.0 Chinese numerals with UTF8 encoding
))
\l__ctex_heading_skip=\skip59

(/usr/local/texlive/2023/texmf-dist/tex/latex/ctex/scheme/ctex-scheme-chinese-a
rticle.def
File: ctex-scheme-chinese-article.def 2022/07/14 v2.5.10 Chinese scheme for art
icle (CTEX)

(/usr/local/texlive/2023/texmf-dist/tex/latex/ctex/config/ctex-name-utf8.cfg
File: ctex-name-utf8.cfg 2022/07/14 v2.5.10 Caption with encoding UTF-8 (CTEX)
))
(/usr/local/texlive/2023/texmf-dist/tex/latex/ctex/ctex-c5size.clo
File: ctex-c5size.clo 2022/07/14 v2.5.10 c5size option (CTEX)
)
(/usr/local/texlive/2023/texmf-dist/tex/latex/ctex/fontset/ctex-fontset-fandol.
def
File: ctex-fontset-fandol.def 2022/07/14 v2.5.10 Fandol fonts definition (CTEX)



Package fontspec Warning: Font "FandolSong-Regular" does not contain requested
(fontspec)                Script "CJK".


Package fontspec Info: Font family 'FandolSong-Regular(0)' created for font
(fontspec)             'FandolSong-Regular' with options
(fontspec)             [Script={CJK},Extension={.otf},BoldFont={FandolSong-Bold
},ItalicFont={FandolKai-Regular}].
(fontspec)              
(fontspec)              This font family consists of the following NFSS
(fontspec)             series/shapes:
(fontspec)              
(fontspec)             - 'normal' (m/n) with NFSS spec.:
(fontspec)             <->"[FandolSong-Regular.otf]/OT:language=dflt;"
(fontspec)             - 'small caps'  (m/sc) with NFSS spec.: 
(fontspec)             - 'bold' (b/n) with NFSS spec.:
(fontspec)             <->"[FandolSong-Bold.otf]/OT:language=dflt;"
(fontspec)             - 'bold small caps'  (b/sc) with NFSS spec.: 
(fontspec)             - 'italic' (m/it) with NFSS spec.:
(fontspec)             <->"[FandolKai-Regular.otf]/OT:language=dflt;"
(fontspec)             - 'italic small caps'  (m/scit) with NFSS spec.: 

)) (/usr/local/texlive/2023/texmf-dist/tex/latex/ctex/config/ctex.cfg
File: ctex.cfg 2022/07/14 v2.5.10 Configuration file (CTEX)
)
(/usr/local/texlive/2023/texmf-dist/tex/latex/geometry/geometry.sty
Package: geometry 2020/01/02 v5.9 Page Geometry

(/usr/local/texlive/2023/texmf-dist/tex/latex/graphics/keyval.sty
Package: keyval 2022/05/29 v1.15 key=value parser (DPC)
\KV@toks@=\toks17
)
(/usr/local/texlive/2023/texmf-dist/tex/generic/iftex/ifvtex.sty
Package: ifvtex 2019/10/25 v1.7 ifvtex legacy package. Use iftex instead.

(/usr/local/texlive/2023/texmf-dist/tex/generic/iftex/iftex.sty
Package: iftex 2022/02/03 v1.0f TeX engine tests
))
\Gm@cnth=\count288
\Gm@cntv=\count289
\c@Gm@tempcnt=\count290
\Gm@bindingoffset=\dimen175
\Gm@wd@mp=\dimen176
\Gm@odd@mp=\dimen177
\Gm@even@mp=\dimen178
\Gm@layoutwidth=\dimen179
\Gm@layoutheight=\dimen180
\Gm@layouthoffset=\dimen181
\Gm@layoutvoffset=\dimen182
\Gm@dimlist=\toks18
)
(/usr/local/texlive/2023/texmf-dist/tex/latex/listings/listings.sty
\lst@mode=\count291
\lst@gtempboxa=\box55
\lst@token=\toks19
\lst@length=\count292
\lst@currlwidth=\dimen183
\lst@column=\count293
\lst@pos=\count294
\lst@lostspace=\dimen184
\lst@width=\dimen185
\lst@newlines=\count295
\lst@lineno=\count296
\lst@maxwidth=\dimen186

(/usr/local/texlive/2023/texmf-dist/tex/latex/listings/lstmisc.sty
File: lstmisc.sty 2023/02/27 1.9 (Carsten Heinz)
\c@lstnumber=\count297
\lst@skipnumbers=\count298
\lst@framebox=\box56
)
(/usr/local/texlive/2023/texmf-dist/tex/latex/listings/listings.cfg
File: listings.cfg 2023/02/27 1.9 listings configuration
))
Package: listings 2023/02/27 1.9 (Carsten Heinz)

(/usr/local/texlive/2023/texmf-dist/tex/xelatex/xecjk/xeCJK-listings.sty
Package: xeCJK-listings 2022/08/05 v3.9.1 xeCJK patch file for listings
\l__xeCJK_listings_max_char_int=\count299
\l__xeCJK_listings_flag_int=\count300
)
(/usr/local/texlive/2023/texmf-dist/tex/latex/xcolor/xcolor.sty
Package: xcolor 2022/06/12 v2.14 LaTeX color extensions (UK)

(/usr/local/texlive/2023/texmf-dist/tex/latex/graphics-cfg/color.cfg
File: color.cfg 2016/01/02 v1.6 sample color configuration
)
Package xcolor Info: Driver file: xetex.def on input line 227.

(/usr/local/texlive/2023/texmf-dist/tex/latex/graphics-def/xetex.def
File: xetex.def 2022/09/22 v5.0n Graphics/color driver for xetex
)
(/usr/local/texlive/2023/texmf-dist/tex/latex/graphics/mathcolor.ltx)
Package xcolor Info: Model `cmy' substituted by `cmy0' on input line 1353.
Package xcolor Info: Model `RGB' extended on input line 1369.
Package xcolor Info: Model `HTML' substituted by `rgb' on input line 1371.
Package xcolor Info: Model `Hsb' substituted by `hsb' on input line 1372.
Package xcolor Info: Model `tHsb' substituted by `hsb' on input line 1373.
Package xcolor Info: Model `HSB' substituted by `hsb' on input line 1374.
Package xcolor Info: Model `Gray' substituted by `gray' on input line 1375.
Package xcolor Info: Model `wave' substituted by `hsb' on input line 1376.
)
(/usr/local/texlive/2023/texmf-dist/tex/latex/float/float.sty
Package: float 2001/11/08 v1.3d Float enhancements (AL)
\c@float@type=\count301
\float@exts=\toks20
\float@box=\box57
\@float@everytoks=\toks21
\@floatcapt=\box58
)
(/usr/local/texlive/2023/texmf-dist/tex/latex/booktabs/booktabs.sty
Package: booktabs 2020/01/12 v1.61803398 Publication quality tables
\heavyrulewidth=\dimen187
\lightrulewidth=\dimen188
\cmidrulewidth=\dimen189
\belowrulesep=\dimen190
\belowbottomsep=\dimen191
\aboverulesep=\dimen192
\abovetopsep=\dimen193
\cmidrulesep=\dimen194
\cmidrulekern=\dimen195
\defaultaddspace=\dimen196
\@cmidla=\count302
\@cmidlb=\count303
\@aboverulesep=\dimen197
\@belowrulesep=\dimen198
\@thisruleclass=\count304
\@lastruleclass=\count305
\@thisrulewidth=\dimen199
)
(/usr/local/texlive/2023/texmf-dist/tex/latex/amsmath/amsmath.sty
Package: amsmath 2023/05/13 v2.17o AMS math features
\@mathmargin=\skip60

For additional information on amsmath, use the `?' option.
(/usr/local/texlive/2023/texmf-dist/tex/latex/amsmath/amstext.sty
Package: amstext 2021/08/26 v2.01 AMS text

(/usr/local/texlive/2023/texmf-dist/tex/latex/amsmath/amsgen.sty
File: amsgen.sty 1999/11/30 v2.0 generic functions
\@emptytoks=\toks22
\ex@=\dimen256
))
(/usr/local/texlive/2023/texmf-dist/tex/latex/amsmath/amsbsy.sty
Package: amsbsy 1999/11/29 v1.2d Bold Symbols
\pmbraise@=\dimen257
)
(/usr/local/texlive/2023/texmf-dist/tex/latex/amsmath/amsopn.sty
Package: amsopn 2022/04/08 v2.04 operator names
)
\inf@bad=\count306
LaTeX Info: Redefining \frac on input line 234.
\uproot@=\count307
\leftroot@=\count308
LaTeX Info: Redefining \overline on input line 399.
LaTeX Info: Redefining \colon on input line 410.
\classnum@=\count309
\DOTSCASE@=\count310
LaTeX Info: Redefining \ldots on input line 496.
LaTeX Info: Redefining \dots on input line 499.
LaTeX Info: Redefining \cdots on input line 620.
\Mathstrutbox@=\box59
\strutbox@=\box60
LaTeX Info: Redefining \big on input line 722.
LaTeX Info: Redefining \Big on input line 723.
LaTeX Info: Redefining \bigg on input line 724.
LaTeX Info: Redefining \Bigg on input line 725.
\big@size=\dimen258
LaTeX Font Info:    Redeclaring font encoding OML on input line 743.
LaTeX Font Info:    Redeclaring font encoding OMS on input line 744.
\macc@depth=\count311
LaTeX Info: Redefining \bmod on input line 905.
LaTeX Info: Redefining \pmod on input line 910.
LaTeX Info: Redefining \smash on input line 940.
LaTeX Info: Redefining \relbar on input line 970.
LaTeX Info: Redefining \Relbar on input line 971.
\c@MaxMatrixCols=\count312
\dotsspace@=\muskip17
\c@parentequation=\count313
\dspbrk@lvl=\count314
\tag@help=\toks23
\row@=\count315
\column@=\count316
\maxfields@=\count317
\andhelp@=\toks24
\eqnshift@=\dimen259
\alignsep@=\dimen260
\tagshift@=\dimen261
\tagwidth@=\dimen262
\totwidth@=\dimen263
\lineht@=\dimen264
\@envbody=\toks25
\multlinegap=\skip61
\multlinetaggap=\skip62
\mathdisplay@stack=\toks26
LaTeX Info: Redefining \[ on input line 2953.
LaTeX Info: Redefining \] on input line 2954.
)
(/usr/local/texlive/2023/texmf-dist/tex/latex/amsfonts/amssymb.sty
Package: amssymb 2013/01/14 v3.01 AMS font symbols

(/usr/local/texlive/2023/texmf-dist/tex/latex/amsfonts/amsfonts.sty
Package: amsfonts 2013/01/14 v3.01 Basic AMSFonts support
\symAMSa=\mathgroup4
\symAMSb=\mathgroup5
LaTeX Font Info:    Redeclaring math symbol \hbar on input line 98.
LaTeX Font Info:    Overwriting math alphabet `\mathfrak' in version `bold'
(Font)                  U/euf/m/n --> U/euf/b/n on input line 106.
))
(/usr/local/texlive/2023/texmf-dist/tex/latex/graphics/graphicx.sty
Package: graphicx 2021/09/16 v1.2d Enhanced LaTeX Graphics (DPC,SPQR)

(/usr/local/texlive/2023/texmf-dist/tex/latex/graphics/graphics.sty
Package: graphics 2022/03/10 v1.4e Standard LaTeX Graphics (DPC,SPQR)

(/usr/local/texlive/2023/texmf-dist/tex/latex/graphics/trig.sty
Package: trig 2021/08/11 v1.11 sin cos tan (DPC)
)
(/usr/local/texlive/2023/texmf-dist/tex/latex/graphics-cfg/graphics.cfg
File: graphics.cfg 2016/06/04 v1.11 sample graphics configuration
)
Package graphics Info: Driver file: xetex.def on input line 107.
)
\Gin@req@height=\dimen265
\Gin@req@width=\dimen266
)
(/usr/local/texlive/2023/texmf-dist/tex/latex/tools/tabularx.sty
Package: tabularx 2020/01/15 v2.11c `tabularx' package (DPC)

(/usr/local/texlive/2023/texmf-dist/tex/latex/tools/array.sty
Package: array 2022/09/04 v2.5g Tabular extension package (FMi)
\col@sep=\dimen267
\ar@mcellbox=\box61
\extrarowheight=\dimen268
\NC@list=\toks27
\extratabsurround=\skip63
\backup@length=\skip64
\ar@cellbox=\box62
)
\TX@col@width=\dimen269
\TX@old@table=\dimen270
\TX@old@col=\dimen271
\TX@target=\dimen272
\TX@delta=\dimen273
\TX@cols=\count318
\TX@ftn=\toks28
)
(/usr/local/texlive/2023/texmf-dist/tex/latex/fancyhdr/fancyhdr.sty
Package: fancyhdr 2022/11/09 v4.1 Extensive control of page headers and footers

\f@nch@headwidth=\skip65
\f@nch@O@elh=\skip66
\f@nch@O@erh=\skip67
\f@nch@O@olh=\skip68
\f@nch@O@orh=\skip69
\f@nch@O@elf=\skip70
\f@nch@O@erf=\skip71
\f@nch@O@olf=\skip72
\f@nch@O@orf=\skip73
)
(./Sample.aux

LaTeX Warning: Label `fig:单图' multiply defined.

)
\openout1 = `Sample.aux'.

LaTeX Font Info:    Checking defaults for OML/cmm/m/it on input line 17.
LaTeX Font Info:    ... okay on input line 17.
LaTeX Font Info:    Checking defaults for OMS/cmsy/m/n on input line 17.
LaTeX Font Info:    ... okay on input line 17.
LaTeX Font Info:    Checking defaults for OT1/cmr/m/n on input line 17.
LaTeX Font Info:    ... okay on input line 17.
LaTeX Font Info:    Checking defaults for T1/cmr/m/n on input line 17.
LaTeX Font Info:    ... okay on input line 17.
LaTeX Font Info:    Checking defaults for TS1/cmr/m/n on input line 17.
LaTeX Font Info:    ... okay on input line 17.
LaTeX Font Info:    Checking defaults for TU/lmr/m/n on input line 17.
LaTeX Font Info:    ... okay on input line 17.
LaTeX Font Info:    Checking defaults for OMX/cmex/m/n on input line 17.
LaTeX Font Info:    ... okay on input line 17.
LaTeX Font Info:    Checking defaults for U/cmr/m/n on input line 17.
LaTeX Font Info:    ... okay on input line 17.

Package fontspec Info: Adjusting the maths setup (use [no-math] to avoid
(fontspec)             this).

\symlegacymaths=\mathgroup6
LaTeX Font Info:    Overwriting symbol font `legacymaths' in version `bold'
(Font)                  OT1/cmr/m/n --> OT1/cmr/bx/n on input line 17.
LaTeX Font Info:    Redeclaring math accent \acute on input line 17.
LaTeX Font Info:    Redeclaring math accent \grave on input line 17.
LaTeX Font Info:    Redeclaring math accent \ddot on input line 17.
LaTeX Font Info:    Redeclaring math accent \tilde on input line 17.
LaTeX Font Info:    Redeclaring math accent \bar on input line 17.
LaTeX Font Info:    Redeclaring math accent \breve on input line 17.
LaTeX Font Info:    Redeclaring math accent \check on input line 17.
LaTeX Font Info:    Redeclaring math accent \hat on input line 17.
LaTeX Font Info:    Redeclaring math accent \dot on input line 17.
LaTeX Font Info:    Redeclaring math accent \mathring on input line 17.
LaTeX Font Info:    Redeclaring math symbol \Gamma on input line 17.
LaTeX Font Info:    Redeclaring math symbol \Delta on input line 17.
LaTeX Font Info:    Redeclaring math symbol \Theta on input line 17.
LaTeX Font Info:    Redeclaring math symbol \Lambda on input line 17.
LaTeX Font Info:    Redeclaring math symbol \Xi on input line 17.
LaTeX Font Info:    Redeclaring math symbol \Pi on input line 17.
LaTeX Font Info:    Redeclaring math symbol \Sigma on input line 17.
LaTeX Font Info:    Redeclaring math symbol \Upsilon on input line 17.
LaTeX Font Info:    Redeclaring math symbol \Phi on input line 17.
LaTeX Font Info:    Redeclaring math symbol \Psi on input line 17.
LaTeX Font Info:    Redeclaring math symbol \Omega on input line 17.
LaTeX Font Info:    Redeclaring math symbol \mathdollar on input line 17.
LaTeX Font Info:    Redeclaring symbol font `operators' on input line 17.
LaTeX Font Info:    Encoding `OT1' has changed to `TU' for symbol font
(Font)              `operators' in the math version `normal' on input line 17.
LaTeX Font Info:    Overwriting symbol font `operators' in version `normal'
(Font)                  OT1/cmr/m/n --> TU/lmr/m/n on input line 17.
LaTeX Font Info:    Encoding `OT1' has changed to `TU' for symbol font
(Font)              `operators' in the math version `bold' on input line 17.
LaTeX Font Info:    Overwriting symbol font `operators' in version `bold'
(Font)                  OT1/cmr/bx/n --> TU/lmr/m/n on input line 17.
LaTeX Font Info:    Overwriting symbol font `operators' in version `normal'
(Font)                  TU/lmr/m/n --> TU/lmr/m/n on input line 17.
LaTeX Font Info:    Overwriting math alphabet `\mathit' in version `normal'
(Font)                  OT1/cmr/m/it --> TU/lmr/m/it on input line 17.
LaTeX Font Info:    Overwriting math alphabet `\mathbf' in version `normal'
(Font)                  OT1/cmr/bx/n --> TU/lmr/b/n on input line 17.
LaTeX Font Info:    Overwriting math alphabet `\mathsf' in version `normal'
(Font)                  OT1/cmss/m/n --> TU/lmss/m/n on input line 17.
LaTeX Font Info:    Overwriting math alphabet `\mathtt' in version `normal'
(Font)                  OT1/cmtt/m/n --> TU/lmtt/m/n on input line 17.
LaTeX Font Info:    Overwriting symbol font `operators' in version `bold'
(Font)                  TU/lmr/m/n --> TU/lmr/b/n on input line 17.
LaTeX Font Info:    Overwriting math alphabet `\mathit' in version `bold'
(Font)                  OT1/cmr/bx/it --> TU/lmr/b/it on input line 17.
LaTeX Font Info:    Overwriting math alphabet `\mathsf' in version `bold'
(Font)                  OT1/cmss/bx/n --> TU/lmss/b/n on input line 17.
LaTeX Font Info:    Overwriting math alphabet `\mathtt' in version `bold'
(Font)                  OT1/cmtt/m/n --> TU/lmtt/b/n on input line 17.

*geometry* driver: auto-detecting
*geometry* detected driver: xetex
*geometry* verbose mode - [ preamble ] result:
* driver: xetex
* paper: <default>
* layout: <same size as paper>
* layoutoffset:(h,v)=(0.0pt,0.0pt)
* modes: 
* h-part:(L,W,R)=(92.14519pt, 430.00462pt, 92.14519pt)
* v-part:(T,H,B)=(95.39737pt, 556.47656pt, 143.09605pt)
* \paperwidth=614.295pt
* \paperheight=794.96999pt
* \textwidth=430.00462pt
* \textheight=556.47656pt
* \oddsidemargin=19.8752pt
* \evensidemargin=19.8752pt
* \topmargin=-13.87262pt
* \headheight=12.0pt
* \headsep=25.0pt
* \topskip=10.0pt
* \footskip=30.0pt
* \marginparwidth=65.0pt
* \marginparsep=11.0pt
* \columnsep=10.0pt
* \skip\footins=9.0pt plus 4.0pt minus 2.0pt
* \hoffset=0.0pt
* \voffset=0.0pt
* \mag=1000
* \@twocolumnfalse
* \@twosidefalse
* \@mparswitchfalse
* \@reversemarginfalse
* (1in=72.27pt=25.4mm, 1cm=28.453pt)

\c@lstlisting=\count319
LaTeX Font Info:    Trying to load font information for U+msa on input line 21.

(/usr/local/texlive/2023/texmf-dist/tex/latex/amsfonts/umsa.fd
File: umsa.fd 2013/01/14 v3.01 AMS symbols A
)
LaTeX Font Info:    Trying to load font information for U+msb on input line 21.


(/usr/local/texlive/2023/texmf-dist/tex/latex/amsfonts/umsb.fd
File: umsb.fd 2013/01/14 v3.01 AMS symbols B
)
Underfull \hbox (badness 10000) in paragraph at lines 47--49

 []

[1

] [2] [3]
Overfull \hbox (20.96506pt too wide) in paragraph at lines 115--139
 [][] 
 []

[4] [5] [6]
Overfull \hbox (34.91975pt too wide) in paragraph at lines 230--247
 [][] 
 []

[7] [8] [9] [10] [11]
Overfull \hbox (25.7164pt too wide) in paragraph at lines 456--472
 [][] 
 []

[12] [13]

LaTeX Warning: Reference `eq:p1_domain' on page 14 undefined on input line 508.


[14] [15] [16] [17] [18] [19] [20] [21]
Underfull \hbox (badness 5147) in paragraph at lines 1037--1037
[]|\TU/lmr/m/n/10.53937 G4$\OMS/cmsy/m/n/10.53937 ^^B$\TU/lmr/m/n/10.53937 1, G
2$\OMS/cmsy/m/n/10.53937 ^^B$\TU/lmr/m/n/10.53937 24,
 []


Underfull \hbox (badness 5147) in paragraph at lines 1038--1038
[]|\TU/lmr/m/n/10.53937 G1$\OMS/cmsy/m/n/10.53937 ^^B$\TU/lmr/m/n/10.53937 5, G
3$\OMS/cmsy/m/n/10.53937 ^^B$\TU/lmr/m/n/10.53937 24,
 []


Underfull \hbox (badness 5147) in paragraph at lines 1045--1045
[]|\TU/lmr/m/n/10.53937 G3$\OMS/cmsy/m/n/10.53937 ^^B$\TU/lmr/m/n/10.53937 1, G
2$\OMS/cmsy/m/n/10.53937 ^^B$\TU/lmr/m/n/10.53937 26,
 []


Overfull \hbox (50.78682pt too wide) in paragraph at lines 1032--1048
 [][] 
 []

[22]
Overfull \hbox (46.27942pt too wide) in paragraph at lines 1065--1072
 [][] 
 []

[23] [24] [25] [26] [27] [28]

LaTeX Warning: Reference `tab:q3_summary' on page 29 undefined on input line 14
18.


LaTeX Warning: Reference `tab:q3_cutting' on page 29 undefined on input line 14
18.


LaTeX Warning: Reference `tab:q3_summary' on page 29 undefined on input line 14
38.


Underfull \hbox (badness 3623) in paragraph at lines 1459--1459
[]|\TU/FandolSong-Regular(0)/m/n/10.53937 工 件 顺 序
 []


Underfull \hbox (badness 10000) in paragraph at lines 1459--1459
[]|\TU/lmr/m/n/10.53937 G9(\TU/FandolSong-Regular(0)/m/n/10.53937 反\TU/lmr/m/n/
10.53937 ),
 []


Underfull \hbox (badness 10000) in paragraph at lines 1459--1459
\TU/lmr/m/n/10.53937 G7(\TU/FandolSong-Regular(0)/m/n/10.53937 正\TU/lmr/m/n/10.
53937 ),
 []


Underfull \hbox (badness 10000) in paragraph at lines 1459--1459
\TU/lmr/m/n/10.53937 G8(\TU/FandolSong-Regular(0)/m/n/10.53937 反\TU/lmr/m/n/10.
53937 ),
 []


Underfull \hbox (badness 10000) in paragraph at lines 1459--1459
\TU/lmr/m/n/10.53937 G3(\TU/FandolSong-Regular(0)/m/n/10.53937 正\TU/lmr/m/n/10.
53937 ),
 []


Underfull \hbox (badness 10000) in paragraph at lines 1459--1459
[]|\TU/lmr/m/n/10.53937 G3(\TU/FandolSong-Regular(0)/m/n/10.53937 反\TU/lmr/m/n/
10.53937 ),
 []


Underfull \hbox (badness 10000) in paragraph at lines 1459--1459
\TU/lmr/m/n/10.53937 G4(\TU/FandolSong-Regular(0)/m/n/10.53937 正\TU/lmr/m/n/10.
53937 ),
 []


Underfull \hbox (badness 10000) in paragraph at lines 1459--1459
\TU/lmr/m/n/10.53937 G3(\TU/FandolSong-Regular(0)/m/n/10.53937 反\TU/lmr/m/n/10.
53937 ),
 []


Underfull \hbox (badness 10000) in paragraph at lines 1459--1459
\TU/lmr/m/n/10.53937 G4(\TU/FandolSong-Regular(0)/m/n/10.53937 正\TU/lmr/m/n/10.
53937 ),
 []


Underfull \hbox (badness 10000) in paragraph at lines 1459--1459
\TU/lmr/m/n/10.53937 G4(\TU/FandolSong-Regular(0)/m/n/10.53937 反\TU/lmr/m/n/10.
53937 ),
 []


Underfull \hbox (badness 10000) in paragraph at lines 1459--1459
[]|\TU/lmr/m/n/10.53937 G4(\TU/FandolSong-Regular(0)/m/n/10.53937 反\TU/lmr/m/n/
10.53937 ),
 []


Underfull \hbox (badness 10000) in paragraph at lines 1459--1459
\TU/lmr/m/n/10.53937 G3(\TU/FandolSong-Regular(0)/m/n/10.53937 正\TU/lmr/m/n/10.
53937 ),
 []


Underfull \hbox (badness 10000) in paragraph at lines 1459--1459
\TU/lmr/m/n/10.53937 G9(\TU/FandolSong-Regular(0)/m/n/10.53937 反\TU/lmr/m/n/10.
53937 ),
 []


Underfull \hbox (badness 10000) in paragraph at lines 1459--1459
\TU/lmr/m/n/10.53937 G2(\TU/FandolSong-Regular(0)/m/n/10.53937 正\TU/lmr/m/n/10.
53937 ),
 []


Underfull \hbox (badness 10000) in paragraph at lines 1459--1459
\TU/lmr/m/n/10.53937 G2(\TU/FandolSong-Regular(0)/m/n/10.53937 反\TU/lmr/m/n/10.
53937 ),
 []


Underfull \hbox (badness 10000) in paragraph at lines 1459--1459
[]|\TU/lmr/m/n/10.53937 G2(\TU/FandolSong-Regular(0)/m/n/10.53937 反\TU/lmr/m/n/
10.53937 ),
 []


Underfull \hbox (badness 10000) in paragraph at lines 1459--1459
\TU/lmr/m/n/10.53937 G9(\TU/FandolSong-Regular(0)/m/n/10.53937 正\TU/lmr/m/n/10.
53937 ),
 []


Underfull \hbox (badness 10000) in paragraph at lines 1459--1459
\TU/lmr/m/n/10.53937 G5(\TU/FandolSong-Regular(0)/m/n/10.53937 反\TU/lmr/m/n/10.
53937 ),
 []


Underfull \hbox (badness 10000) in paragraph at lines 1459--1459
\TU/lmr/m/n/10.53937 G8(\TU/FandolSong-Regular(0)/m/n/10.53937 反\TU/lmr/m/n/10.
53937 ),
 []


Underfull \hbox (badness 10000) in paragraph at lines 1459--1459
\TU/lmr/m/n/10.53937 G8(\TU/FandolSong-Regular(0)/m/n/10.53937 反\TU/lmr/m/n/10.
53937 ),
 []


Underfull \hbox (badness 10000) in paragraph at lines 1459--1459
[]|\TU/lmr/m/n/10.53937 G8(\TU/FandolSong-Regular(0)/m/n/10.53937 正\TU/lmr/m/n/
10.53937 ),
 []


Underfull \hbox (badness 10000) in paragraph at lines 1459--1459
\TU/lmr/m/n/10.53937 G8(\TU/FandolSong-Regular(0)/m/n/10.53937 反\TU/lmr/m/n/10.
53937 ),
 []


Underfull \hbox (badness 10000) in paragraph at lines 1459--1459
\TU/lmr/m/n/10.53937 G10(\TU/FandolSong-Regular(0)/m/n/10.53937 反\TU/lmr/m/n/10
.53937 ),
 []


Underfull \hbox (badness 10000) in paragraph at lines 1459--1459
\TU/lmr/m/n/10.53937 G10(\TU/FandolSong-Regular(0)/m/n/10.53937 反\TU/lmr/m/n/10
.53937 ),
 []


Underfull \hbox (badness 10000) in paragraph at lines 1459--1459
\TU/lmr/m/n/10.53937 G5(\TU/FandolSong-Regular(0)/m/n/10.53937 反\TU/lmr/m/n/10.
53937 ),
 []


LaTeX Warning: Float too large for page by 12.14873pt on input line 1461.


LaTeX Warning: `h' float specifier changed to `ht'.


LaTeX Warning: Reference `tab:q3_cutting' on page 29 undefined on input line 14
63.

[29] [30] [31] [32]
Overfull \hbox (30.41042pt too wide) detected at line 1682
[]\OML/cmm/m/it/10.53937 g\OT1/cmr/m/n/10.53937 (\OML/cmm/m/it/10.53937 i[]; o[
]; i[]; o[]\OT1/cmr/m/n/10.53937 ) + \OML/cmm/m/it/10.53937 g\OT1/cmr/m/n/10.53
937 (\OML/cmm/m/it/10.53937 i[]; o[]; i[]; o[]\OT1/cmr/m/n/10.53937 ) \OMS/cmsy
/m/n/10.53937 ^^T \OML/cmm/m/it/10.53937 l[]: [] x[] \OMS/cmsy/m/n/10.53937 ^^T
 \OML/cmm/m/it/10.53937 ^^M[]x[];  \OMS/cmsy/m/n/10.53937 8\OML/cmm/m/it/10.539
37 p \OMS/cmsy/m/n/10.53937 2 \OML/cmm/m/it/10.53937 Q;  t\OT1/cmr/m/n/10.53937
 (\OML/cmm/m/it/10.53937 p\OT1/cmr/m/n/10.53937 ) \OML/cmm/m/it/10.53937 < \OT1
/cmr/m/n/10.53937 3\OML/cmm/m/it/10.53937 :\OT1/cmr/m/n/10.53937 (\OML/cmm/m/it
/10.53937 removedduplicate\OT1/cmr/m/n/10.53937 )
 []


LaTeX Warning: Reference `eq:inventory_flow' on page 33 undefined on input line
 1684.

[33]

LaTeX Warning: Reference `eq:inventory_flow' on page 34 undefined on input line
 1707.

[34]

LaTeX Warning: Reference `eq:inventory_flow' on page 35 undefined on input line
 1790.

[35] [36]
Overfull \hbox (1706.54062pt too wide) detected at line 1898
[][]
 []


LaTeX Warning: Reference `tab:q4_summary' on page 37 undefined on input line 19
03.

Missing character: There is no ≈ (U+2248) in font [lmroman10-regular]:mapping=t
ex-text;!

LaTeX Warning: Reference `tab:q4_cutting' on page 37 undefined on input line 19
11.


LaTeX Warning: Reference `tab:q4_util' on page 37 undefined on input line 1911.


[37]

LaTeX Warning: Reference `tab:q4_cutting' on page 38 undefined on input line 19
19.


LaTeX Warning: Reference `tab:q4_util' on page 38 undefined on input line 1919.



Underfull \hbox (badness 3158) in paragraph at lines 1927--1927
[]|\TU/FandolSong-Regular(0)/m/n/10.53937 工 件 块 序 列 简
 []


Underfull \hbox (badness 10000) in paragraph at lines 1929--1929
[]|\TU/lmr/m/n/10.53937 G8$\OMS/cmsy/m/n/10.53937 ^^B$\TU/lmr/m/n/10.53937 2(\T
U/FandolSong-Regular(0)/m/n/10.53937 反\TU/lmr/m/n/10.53937 ),
 []


Underfull \hbox (badness 10000) in paragraph at lines 1929--1929
\TU/lmr/m/n/10.53937 G8$\OMS/cmsy/m/n/10.53937 ^^B$\TU/lmr/m/n/10.53937 1(\TU/F
andolSong-Regular(0)/m/n/10.53937 正\TU/lmr/m/n/10.53937 ),
 []


Underfull \hbox (badness 10000) in paragraph at lines 1929--1929
\TU/lmr/m/n/10.53937 G8$\OMS/cmsy/m/n/10.53937 ^^B$\TU/lmr/m/n/10.53937 1(\TU/F
andolSong-Regular(0)/m/n/10.53937 反\TU/lmr/m/n/10.53937 ),
 []


Underfull \hbox (badness 10000) in paragraph at lines 1930--1930
[]|\TU/lmr/m/n/10.53937 G8$\OMS/cmsy/m/n/10.53937 ^^B$\TU/lmr/m/n/10.53937 1(\T
U/FandolSong-Regular(0)/m/n/10.53937 正\TU/lmr/m/n/10.53937 ),
 []


Underfull \hbox (badness 10000) in paragraph at lines 1930--1930
\TU/lmr/m/n/10.53937 G8$\OMS/cmsy/m/n/10.53937 ^^B$\TU/lmr/m/n/10.53937 2(\TU/F
andolSong-Regular(0)/m/n/10.53937 反\TU/lmr/m/n/10.53937 ),
 []


Underfull \hbox (badness 10000) in paragraph at lines 1930--1930
\TU/lmr/m/n/10.53937 G8$\OMS/cmsy/m/n/10.53937 ^^B$\TU/lmr/m/n/10.53937 1(\TU/F
andolSong-Regular(0)/m/n/10.53937 正\TU/lmr/m/n/10.53937 ),
 []


Underfull \hbox (badness 10000) in paragraph at lines 1931--1931
[]|\TU/lmr/m/n/10.53937 G7$\OMS/cmsy/m/n/10.53937 ^^B$\TU/lmr/m/n/10.53937 1(\T
U/FandolSong-Regular(0)/m/n/10.53937 反\TU/lmr/m/n/10.53937 ),
 []


Underfull \hbox (badness 10000) in paragraph at lines 1931--1931
\TU/lmr/m/n/10.53937 G7$\OMS/cmsy/m/n/10.53937 ^^B$\TU/lmr/m/n/10.53937 1(\TU/F
andolSong-Regular(0)/m/n/10.53937 正\TU/lmr/m/n/10.53937 ),
 []


Underfull \hbox (badness 10000) in paragraph at lines 1931--1931
\TU/lmr/m/n/10.53937 G7$\OMS/cmsy/m/n/10.53937 ^^B$\TU/lmr/m/n/10.53937 4(\TU/F
andolSong-Regular(0)/m/n/10.53937 反\TU/lmr/m/n/10.53937 ),
 []


Underfull \hbox (badness 10000) in paragraph at lines 1932--1932
[]|\TU/lmr/m/n/10.53937 G10$\OMS/cmsy/m/n/10.53937 ^^B$\TU/lmr/m/n/10.53937 1(\
TU/FandolSong-Regular(0)/m/n/10.53937 反\TU/lmr/m/n/10.53937 ),
 []


Underfull \hbox (badness 10000) in paragraph at lines 1932--1932
\TU/lmr/m/n/10.53937 G10$\OMS/cmsy/m/n/10.53937 ^^B$\TU/lmr/m/n/10.53937 1(\TU/
FandolSong-Regular(0)/m/n/10.53937 正\TU/lmr/m/n/10.53937 ),
 []


Underfull \hbox (badness 10000) in paragraph at lines 1932--1932
\TU/lmr/m/n/10.53937 G10$\OMS/cmsy/m/n/10.53937 ^^B$\TU/lmr/m/n/10.53937 1(\TU/
FandolSong-Regular(0)/m/n/10.53937 反\TU/lmr/m/n/10.53937 ),
 []


Underfull \hbox (badness 10000) in paragraph at lines 1933--1933
[]|\TU/lmr/m/n/10.53937 G9$\OMS/cmsy/m/n/10.53937 ^^B$\TU/lmr/m/n/10.53937 6(\T
U/FandolSong-Regular(0)/m/n/10.53937 反\TU/lmr/m/n/10.53937 ),
 []


Underfull \hbox (badness 10000) in paragraph at lines 1933--1933
\TU/lmr/m/n/10.53937 G9$\OMS/cmsy/m/n/10.53937 ^^B$\TU/lmr/m/n/10.53937 5(\TU/F
andolSong-Regular(0)/m/n/10.53937 正\TU/lmr/m/n/10.53937 ),
 []


Underfull \hbox (badness 10000) in paragraph at lines 1933--1933
\TU/lmr/m/n/10.53937 G9$\OMS/cmsy/m/n/10.53937 ^^B$\TU/lmr/m/n/10.53937 2(\TU/F
andolSong-Regular(0)/m/n/10.53937 反\TU/lmr/m/n/10.53937 ),
 []


Overfull \hbox (48.01765pt too wide) in paragraph at lines 1925--1936
 [][] 
 []


LaTeX Warning: Reference `tab:q4_cutting' on page 38 undefined on input line 19
38.


LaTeX Warning: Reference `tab:q4_util' on page 38 undefined on input line 1962.


[38]

LaTeX Warning: Reference `tab:p2_sensitivity' on page 39 undefined on input lin
e 1998.


LaTeX Warning: Reference `tab:p2_sensitivity' on page 39 undefined on input lin
e 2019.

Runaway argument?
{figure}[Htbp] \centering \IfFileExists {5.png}{\includegraphics [wid\ETC.
! Paragraph ended before \@float@HH was complete.
<to be read again> 
                   \par 
l.2029 
        
Here is how much of TeX's memory you used:
 11954 strings out of 475890
 316195 string characters out of 5778499
 1947875 words of memory out of 5000000
 32828 multiletter control sequences out of 15000+600000
 570231 words of font info for 110 fonts, out of 8000000 for 9000
 1348 hyphenation exceptions out of 8191
 93i,12n,97p,1203b,366s stack positions out of 10000i,1000n,20000p,200000b,200000s

Output written on Sample.pdf (38 pages).
