\BOOKMARK [1][-]{section.1}{\376\377\225\356\230\230\221\315\217\360}{}% 1
\BOOKMARK [2][-]{subsection.1.1}{\376\377\225\356\230\230\200\314\146\157}{section.1}% 2
\BOOKMARK [2][-]{subsection.1.2}{\376\377\225\356\230\230\143\320\121\372}{section.1}% 3
\BOOKMARK [1][-]{section.2}{\376\377\225\356\230\230\122\006\147\220}{}% 4
\BOOKMARK [2][-]{subsection.2.1}{\376\377\225\356\230\230\116\000\122\006\147\220}{section.2}% 5
\BOOKMARK [2][-]{subsection.2.2}{\376\377\225\356\230\230\116\214\122\006\147\220}{section.2}% 6
\BOOKMARK [2][-]{subsection.2.3}{\376\377\225\356\230\230\116\011\122\006\147\220}{section.2}% 7
\BOOKMARK [1][-]{section.3}{\376\377\173\046\123\367\213\364\146\016}{}% 8
\BOOKMARK [1][-]{section.4}{\376\377\152\041\127\213\120\107\213\276}{}% 9
\BOOKMARK [1][-]{section.5}{\376\377\152\041\127\213\166\204\136\372\172\313\116\016\154\102\211\343}{}% 10
\BOOKMARK [2][-]{subsection.5.1}{\376\377\225\356\230\230\116\000\377\032\131\026\136\366\134\102\123\232\136\246\213\241\173\227\152\041\127\213\136\372\172\313}{section.5}% 11
\BOOKMARK [3][-]{subsubsection.5.1.1}{\376\377\152\041\127\213\121\306\131\007}{subsection.5.1}% 12
\BOOKMARK [3][-]{subsubsection.5.1.2}{\376\377\152\041\127\213\136\372\172\313}{subsection.5.1}% 13
\BOOKMARK [3][-]{subsubsection.5.1.3}{\376\377\152\041\127\213\134\125\171\072}{subsection.5.1}% 14
\BOOKMARK [2][-]{subsection.5.2}{\376\377\225\356\230\230\116\214\377\032\131\026\136\366\134\102\123\232\136\246\213\241\173\227\152\041\127\213\154\102\211\343\173\227\154\325}{section.5}% 15
\BOOKMARK [3][-]{subsubsection.5.2.1}{\376\377\154\102\211\343\121\306\131\007}{subsection.5.2}% 16
\BOOKMARK [3][-]{subsubsection.5.2.2}{\376\377\152\041\127\213\154\102\211\343}{subsection.5.2}% 17
\BOOKMARK [2][-]{subsection.5.3}{\376\377\225\356\230\230\116\011\377\032\131\032\121\111\147\137\136\162\155\211\116\013\131\026\136\366\134\102\123\232\136\246\213\241\173\227\152\041\127\213}{section.5}% 18
\BOOKMARK [3][-]{subsubsection.5.3.1}{\376\377\131\032\121\111\147\137\136\162\155\211\137\305\211\201\147\141\116\366\0007}{subsection.5.3}% 19
\BOOKMARK [3][-]{subsubsection.5.3.2}{\376\377\131\032\121\111\147\137\136\162\155\211\133\371\213\241\173\227\174\276\136\246\137\161\124\315\0008}{subsection.5.3}% 20
\BOOKMARK [3][-]{subsubsection.5.3.3}{\376\377\170\105\146\166\127\006\162\107\155\113\213\325\145\160\143\156\131\032\121\111\147\137\136\162\155\211\122\044\145\255}{subsection.5.3}% 21
\BOOKMARK [3][-]{subsubsection.5.3.4}{\376\377\226\104\116\366\0001\377\014\0002\145\160\143\156\116\055\121\372\163\260\131\032\121\111\147\137\136\162\155\211\213\301\146\016}{subsection.5.3}% 22
\BOOKMARK [3][-]{subsubsection.5.3.5}{\376\377\131\032\121\111\147\137\131\026\136\366\134\102\123\232\136\246\213\241\173\227\152\041\127\213\136\372\172\313}{subsection.5.3}% 23
\BOOKMARK [3][-]{subsubsection.5.3.6}{\376\377\131\032\121\111\147\137\131\026\136\366\134\102\123\232\136\246\213\241\173\227\152\041\127\213\154\102\211\343}{subsection.5.3}% 24
\BOOKMARK [1][-]{section.6}{\376\377\152\041\127\213\213\304\116\367}{}% 25
\BOOKMARK [2][-]{subsection.6.1}{\376\377\152\041\127\213\166\204\117\030\160\271}{section.6}% 26
\BOOKMARK [2][-]{subsection.6.2}{\376\377\152\041\127\213\166\204\177\072\160\271}{section.6}% 27
